开始执行 main.py
Distributed training: False, Current device: 0
2026-06-01 21:07:00,492 [trainer.py] => config: exps/tagfex_lejepa_mean_fusion_imagenet100_final_sigreg.json
2026-06-01 21:07:00,492 [trainer.py] => dataset: imagenet100_lejepa
2026-06-01 21:07:00,492 [trainer.py] => init_cls: 10
2026-06-01 21:07:00,492 [trainer.py] => increment: 10
2026-06-01 21:07:00,492 [trainer.py] => resume: None
2026-06-01 21:07:00,492 [trainer.py] => resume_dir: None
2026-06-01 21:07:00,492 [trainer.py] => auto_resume: False
2026-06-01 21:07:00,492 [trainer.py] => run_mode: debug
2026-06-01 21:07:00,492 [trainer.py] => device: [device(type='cuda', index=0)]
2026-06-01 21:07:00,492 [trainer.py] => prefix: ablation_lejepa_mean_fusion_final_sigreg
2026-06-01 21:07:00,492 [trainer.py] => memory_size: 2000
2026-06-01 21:07:00,492 [trainer.py] => memory_per_class: 20
2026-06-01 21:07:00,492 [trainer.py] => fixed_memory: False
2026-06-01 21:07:00,492 [trainer.py] => shuffle: True
2026-06-01 21:07:00,492 [trainer.py] => model_name: tagfex_lejepa
2026-06-01 21:07:00,493 [trainer.py] => log_root: /root/autodl-tmp/tagfex_logs
2026-06-01 21:07:00,493 [trainer.py] => convnet_type: resnet18
2026-06-01 21:07:00,493 [trainer.py] => seed: 1993
2026-06-01 21:07:00,493 [trainer.py] => init_interpolation_factor: 0.95
2026-06-01 21:07:00,493 [trainer.py] => infonce_temp: 0.2
2026-06-01 21:07:00,493 [trainer.py] => kd_temp: 2
2026-06-01 21:07:00,493 [trainer.py] => infonce_kd_temp: 0.2
2026-06-01 21:07:00,493 [trainer.py] => ta_convnet_type: resnet18
2026-06-01 21:07:00,493 [trainer.py] => proj_hidden_dim: 2048
2026-06-01 21:07:00,493 [trainer.py] => proj_output_dim: 1024
2026-06-01 21:07:00,493 [trainer.py] => attn_num_heads: 8
2026-06-01 21:07:00,493 [trainer.py] => contrast_factor: 1
2026-06-01 21:07:00,493 [trainer.py] => trans_cls_factor: 1
2026-06-01 21:07:00,493 [trainer.py] => transfer_factor: 1
2026-06-01 21:07:00,493 [trainer.py] => aux_factor: 2
2026-06-01 21:07:00,493 [trainer.py] => contrast_kd_factor: 2
2026-06-01 21:07:00,493 [trainer.py] => aug: 1
2026-06-01 21:07:00,493 [trainer.py] => num_views: 8
2026-06-01 21:07:00,493 [trainer.py] => lejepa_lambda: 0.05
2026-06-01 21:07:00,493 [trainer.py] => is_distributed: False
2026-06-01 21:07:00,493 [trainer.py] => fusion_type: mean
2026-06-01 21:07:00,493 [trainer.py] => kd_global_only: True
2026-06-01 21:07:00,493 [trainer.py] => sigreg_matrix_mode: per_batch_random
2026-06-01 21:07:00,493 [trainer.py] => final_sigreg: True
2026-06-01 21:07:00,493 [trainer.py] => final_sigreg_epochs: 1
2026-06-01 21:07:00,493 [trainer.py] => final_sigreg_lr: 5e-05
2026-06-01 21:07:00,493 [trainer.py] => final_sigreg_weight_decay: 0.0005
2026-06-01 21:07:00,493 [trainer.py] => final_sigreg_factor: 1.0
2026-06-01 21:07:00,493 [trainer.py] => final_sigreg_matrix_mode: final_fixed
2026-06-01 21:07:00,493 [trainer.py] => final_sigreg_update_scope: ta_projector
2026-06-01 21:07:00,493 [trainer.py] => final_sigreg_batch_size: 64
2026-06-01 21:07:00,494 [trainer.py] => final_sigreg_num_workers: 16
2026-06-01 21:07:00,494 [trainer.py] => final_sigreg_num_directions: 256
2026-06-01 21:07:00,494 [trainer.py] => record_accuracy_curves: True
2026-06-01 21:07:00,494 [trainer.py] => diagnostic_eval_interval: 10
2026-06-01 21:07:00,494 [trainer.py] => record_confusion_matrix: True
2026-06-01 21:07:00,494 [trainer.py] => record_final_sigreg_nme: True
2026-06-01 21:07:00,494 [trainer.py] => analysis_nme_batch_size: 64
2026-06-01 21:07:00,494 [trainer.py] => analysis_nme_num_workers: 4
2026-06-01 21:07:00,494 [trainer.py] => cudnn_deterministic: True
2026-06-01 21:07:00,494 [trainer.py] => cudnn_benchmark: False
2026-06-01 21:07:00,494 [trainer.py] => local_rank: -1
2026-06-01 21:07:00,494 [trainer.py] => config_path: /root/tagfex/exps/tagfex_lejepa_mean_fusion_imagenet100_final_sigreg.json
2026-06-01 21:07:00,494 [trainer.py] => run_command: main.py --config exps/tagfex_lejepa_mean_fusion_imagenet100_final_sigreg.json --run_mode debug
2026-06-01 21:07:00,494 [trainer.py] => git_available: True
2026-06-01 21:07:00,494 [trainer.py] => git_root: /root/tagfex
2026-06-01 21:07:00,494 [trainer.py] => git_branch: old-version
2026-06-01 21:07:00,494 [trainer.py] => git_commit: be31ddb0de27cae5d8a511896876fa87068e6605
2026-06-01 21:07:00,494 [trainer.py] => git_dirty: True
2026-06-01 21:07:00,494 [trainer.py] => logs_name: /root/autodl-tmp/tagfex_logs/ablation_lejepa_mean_fusion_final_sigreg/imagenet100_lejepa/0/10/20260601_210700
2026-06-01 21:07:00,494 [trainer.py] => diagnostics_dir: /root/autodl-tmp/tagfex_logs/ablation_lejepa_mean_fusion_final_sigreg/imagenet100_lejepa/0/10/20260601_210700/diagnostics
2026-06-01 21:07:00,494 [trainer.py] => Running in debug mode with uncommitted changes. This run is not a clean, fully reproducible experiment snapshot.
Traceback (most recent call last):
  File "/root/tagfex/main.py", line 85, in <module>
    main()
  File "/root/tagfex/main.py", line 60, in main
    train(args_dict)
  File "/root/tagfex/trainer.py", line 26, in train
    _train(args)
  File "/root/tagfex/trainer.py", line 81, in _train
    data_manager = DataManager(
  File "/root/tagfex/utils/data_manager.py", line 15, in __init__
    self._setup_data(dataset_name, shuffle, seed)
  File "/root/tagfex/utils/data_manager.py", line 198, in _setup_data
    idata.download_data()
  File "/root/tagfex/utils/data.py", line 194, in download_data
    train_dset = datasets.ImageFolder(train_dir)
  File "/root/miniconda3/envs/pycil/lib/python3.10/site-packages/torchvision/datasets/folder.py", line 328, in __init__
    super().__init__(
  File "/root/miniconda3/envs/pycil/lib/python3.10/site-packages/torchvision/datasets/folder.py", line 149, in __init__
    classes, class_to_idx = self.find_classes(self.root)
  File "/root/miniconda3/envs/pycil/lib/python3.10/site-packages/torchvision/datasets/folder.py", line 234, in find_classes
    return find_classes(directory)
  File "/root/miniconda3/envs/pycil/lib/python3.10/site-packages/torchvision/datasets/folder.py", line 41, in find_classes
    classes = sorted(entry.name for entry in os.scandir(directory) if entry.is_dir())
FileNotFoundError: [Errno 2] No such file or directory: '/root/autodl-tmp/datasets/ImageNet100/train/'
